{
  "version": "1.5.0",
  "plugins_used": [
    {
      "name": "ArtifactoryDetector"
    },
    {
      "name": "AWSKeyDetector"
    },
    {
      "name": "AzureStorageKeyDetector"
    },
    {
      "name": "Base64HighEntropyString",
      "limit": 4.5
    },
    {
      "name": "BasicAuthDetector"
    },
    {
      "name": "CloudantDetector"
    },
    {
      "name": "DiscordBotTokenDetector"
    },
    {
      "name": "GitHubTokenDetector"
    },
    {
      "name": "GitLabTokenDetector"
    },
    {
      "name": "HexHighEntropyString",
      "limit": 3.0
    },
    {
      "name": "IbmCloudIamDetector"
    },
    {
      "name": "IbmCosHmacDetector"
    },
    {
      "name": "IPPublicDetector"
    },
    {
      "name": "JwtTokenDetector"
    },
    {
      "name": "KeywordDetector",
      "keyword_exclude": ""
    },
    {
      "name": "MailchimpDetector"
    },
    {
      "name": "NpmDetector"
    },
    {
      "name": "OpenAIDetector"
    },
    {
      "name": "PrivateKeyDetector"
    },
    {
      "name": "PypiTokenDetector"
    },
    {
      "name": "SendGridDetector"
    },
    {
      "name": "SlackDetector"
    },
    {
      "name": "SoftlayerDetector"
    },
    {
      "name": "SquareOAuthDetector"
    },
    {
      "name": "StripeDetector"
    },
    {
      "name": "TelegramBotTokenDetector"
    },
    {
      "name": "TwilioKeyDetector"
    }
  ],
  "filters_used": [
    {
      "path": "detect_secrets.filters.allowlist.is_line_allowlisted"
    },
    {
      "path": "detect_secrets.filters.common.is_ignored_due_to_verification_policies",
      "min_level": 2
    },
    {
      "path": "detect_secrets.filters.heuristic.is_indirect_reference"
    },
    {
      "path": "detect_secrets.filters.heuristic.is_likely_id_string"
    },
    {
      "path": "detect_secrets.filters.heuristic.is_lock_file"
    },
    {
      "path": "detect_secrets.filters.heuristic.is_not_alphanumeric_string"
    },
    {
      "path": "detect_secrets.filters.heuristic.is_potential_uuid"
    },
    {
      "path": "detect_secrets.filters.heuristic.is_prefixed_with_dollar_sign"
    },
    {
      "path": "detect_secrets.filters.heuristic.is_sequential_string"
    },
    {
      "path": "detect_secrets.filters.heuristic.is_swagger_file"
    },
    {
      "path": "detect_secrets.filters.heuristic.is_templated_secret"
    },
    {
      "path": "detect_secrets.filters.regex.should_exclude_file",
      "pattern": [
        "\\.test\\.",
        "node_modules",
        "package-lock"
      ]
    }
  ],
  "results": {
    ".claude/skills/sbt-collect-flow/references/fixtures.v1.json": [
      {
        "type": "Secret Keyword",
        "filename": ".claude/skills/sbt-collect-flow/references/fixtures.v1.json",
        "hashed_secret": "e2258c35a622cafe8034e6a40bab9a531184c8c2",
        "is_verified": false,
        "line_number": 30
      },
      {
        "type": "Secret Keyword",
        "filename": ".claude/skills/sbt-collect-flow/references/fixtures.v1.json",
        "hashed_secret": "014054320618ef581ac49570f3ce7ca2f39efd02",
        "is_verified": false,
        "line_number": 47
      }
    ],
    ".claude/skills/sbt-create-flow/references/fixtures.v1.json": [
      {
        "type": "Secret Keyword",
        "filename": ".claude/skills/sbt-create-flow/references/fixtures.v1.json",
        "hashed_secret": "014054320618ef581ac49570f3ce7ca2f39efd02",
        "is_verified": false,
        "line_number": 73
      }
    ],
    ".codex/skills/sbt-collect-flow/references/fixtures.v1.json": [
      {
        "type": "Secret Keyword",
        "filename": ".codex/skills/sbt-collect-flow/references/fixtures.v1.json",
        "hashed_secret": "e2258c35a622cafe8034e6a40bab9a531184c8c2",
        "is_verified": false,
        "line_number": 30
      },
      {
        "type": "Secret Keyword",
        "filename": ".codex/skills/sbt-collect-flow/references/fixtures.v1.json",
        "hashed_secret": "014054320618ef581ac49570f3ce7ca2f39efd02",
        "is_verified": false,
        "line_number": 47
      }
    ],
    ".codex/skills/sbt-create-flow/references/fixtures.v1.json": [
      {
        "type": "Secret Keyword",
        "filename": ".codex/skills/sbt-create-flow/references/fixtures.v1.json",
        "hashed_secret": "014054320618ef581ac49570f3ce7ca2f39efd02",
        "is_verified": false,
        "line_number": 73
      }
    ],
    "client/src/assets/worker/deploy-helper-worker.js.txt": [
      {
        "type": "Secret Keyword",
        "filename": "client/src/assets/worker/deploy-helper-worker.js.txt",
        "hashed_secret": "63be8145a78115304ce5c6431a76c8a1a8848f18",
        "is_verified": false,
        "line_number": 335
      }
    ],
    "client/src/assets/worker/sessionCorsWorker.js.txt": [
      {
        "type": "Base64 High Entropy String",
        "filename": "client/src/assets/worker/sessionCorsWorker.js.txt",
        "hashed_secret": "1fbf29f4d01704e52025ffc9a6d73b5241be9e10",
        "is_verified": false,
        "line_number": 4164
      },
      {
        "type": "Secret Keyword",
        "filename": "client/src/assets/worker/sessionCorsWorker.js.txt",
        "hashed_secret": "19edc1210777ba4d45049c29280d9cc5e1064c25",
        "is_verified": false,
        "line_number": 8430
      },
      {
        "type": "Secret Keyword",
        "filename": "client/src/assets/worker/sessionCorsWorker.js.txt",
        "hashed_secret": "48647474b89fa8f56ed6bda0f8148a17b51b97bd",
        "is_verified": false,
        "line_number": 8431
      },
      {
        "type": "Base64 High Entropy String",
        "filename": "client/src/assets/worker/sessionCorsWorker.js.txt",
        "hashed_secret": "dd842625c74f74e266628199da309672300b8b47",
        "is_verified": false,
        "line_number": 12300
      },
      {
        "type": "Base64 High Entropy String",
        "filename": "client/src/assets/worker/sessionCorsWorker.js.txt",
        "hashed_secret": "39ccdb7ea098bd03835cdb4c3a90ab4453ecdf02",
        "is_verified": false,
        "line_number": 12531
      },
      {
        "type": "Hex High Entropy String",
        "filename": "client/src/assets/worker/sessionCorsWorker.js.txt",
        "hashed_secret": "8e2623fb32db31685c350dd4ee18c73679d21898",
        "is_verified": false,
        "line_number": 22640
      },
      {
        "type": "Secret Keyword",
        "filename": "client/src/assets/worker/sessionCorsWorker.js.txt",
        "hashed_secret": "8e2623fb32db31685c350dd4ee18c73679d21898",
        "is_verified": false,
        "line_number": 22640
      },
      {
        "type": "Base64 High Entropy String",
        "filename": "client/src/assets/worker/sessionCorsWorker.js.txt",
        "hashed_secret": "d6be5ff3e0534c1c83a0aec2eac063dad376b50d",
        "is_verified": false,
        "line_number": 22737
      },
      {
        "type": "Secret Keyword",
        "filename": "client/src/assets/worker/sessionCorsWorker.js.txt",
        "hashed_secret": "d6be5ff3e0534c1c83a0aec2eac063dad376b50d",
        "is_verified": false,
        "line_number": 22737
      },
      {
        "type": "Hex High Entropy String",
        "filename": "client/src/assets/worker/sessionCorsWorker.js.txt",
        "hashed_secret": "b65e34526e6e021fc16aaad85464426505978037",
        "is_verified": false,
        "line_number": 22849
      },
      {
        "type": "Hex High Entropy String",
        "filename": "client/src/assets/worker/sessionCorsWorker.js.txt",
        "hashed_secret": "4238dedb1f1b46d7ca0cacf617af1fb457a125ea",
        "is_verified": false,
        "line_number": 22851
      },
      {
        "type": "Hex High Entropy String",
        "filename": "client/src/assets/worker/sessionCorsWorker.js.txt",
        "hashed_secret": "7f2d4adbeeb112078c22a82b30287f4c89af98d6",
        "is_verified": false,
        "line_number": 22853
      },
      {
        "type": "Hex High Entropy String",
        "filename": "client/src/assets/worker/sessionCorsWorker.js.txt",
        "hashed_secret": "3b3823b9e1ae5557c891046bc543f4df7f000793",
        "is_verified": false,
        "line_number": 22855
      },
      {
        "type": "Hex High Entropy String",
        "filename": "client/src/assets/worker/sessionCorsWorker.js.txt",
        "hashed_secret": "3215910690f5ea92c1da69e7b6c71104bc6b29bb",
        "is_verified": false,
        "line_number": 23791
      },
      {
        "type": "Hex High Entropy String",
        "filename": "client/src/assets/worker/sessionCorsWorker.js.txt",
        "hashed_secret": "d4c477548d8a446e5c14f79c637ef7edeb6146cb",
        "is_verified": false,
        "line_number": 23942
      },
      {
        "type": "Hex High Entropy String",
        "filename": "client/src/assets/worker/sessionCorsWorker.js.txt",
        "hashed_secret": "e785bba2c4ddaf73dd4de3f8cbf6b9958b8792e5",
        "is_verified": false,
        "line_number": 25049
      },
      {
        "type": "Secret Keyword",
        "filename": "client/src/assets/worker/sessionCorsWorker.js.txt",
        "hashed_secret": "ecb252044b5ea0f679ee78ec1a12904739e2904d",
        "is_verified": false,
        "line_number": 25928
      },
      {
        "type": "Secret Keyword",
        "filename": "client/src/assets/worker/sessionCorsWorker.js.txt",
        "hashed_secret": "1615307cc4523f183e777df67f168c86908e8007",
        "is_verified": false,
        "line_number": 29245
      }
    ],
    "client/src/assets/worker/sessionCorsWorker.unbundled.js.txt": [
      {
        "type": "Secret Keyword",
        "filename": "client/src/assets/worker/sessionCorsWorker.unbundled.js.txt",
        "hashed_secret": "1615307cc4523f183e777df67f168c86908e8007",
        "is_verified": false,
        "line_number": 2642
      }
    ],
    "client/src/components/Admin/AdminPage.jsx": [
      {
        "type": "Secret Keyword",
        "filename": "client/src/components/Admin/AdminPage.jsx",
        "hashed_secret": "919c97d6fc840f197e44dd0936f89914422bb6b8",
        "is_verified": false,
        "line_number": 2270
      }
    ],
    "client/src/components/ContributorsArea/ContributorsArea.jsx": [
      {
        "type": "Secret Keyword",
        "filename": "client/src/components/ContributorsArea/ContributorsArea.jsx",
        "hashed_secret": "5baa61e4c9b93f3f0682250b6cf8331b7ee68fd8",
        "is_verified": false,
        "line_number": 26
      }
    ],
    "client/src/components/DemoPages/OnePageDemo.jsx": [
      {
        "type": "Secret Keyword",
        "filename": "client/src/components/DemoPages/OnePageDemo.jsx",
        "hashed_secret": "48647474b89fa8f56ed6bda0f8148a17b51b97bd",
        "is_verified": false,
        "line_number": 1350
      }
    ],
    "client/src/components/DemoPages/RiskMatrixDemo.jsx": [
      {
        "type": "Secret Keyword",
        "filename": "client/src/components/DemoPages/RiskMatrixDemo.jsx",
        "hashed_secret": "5baa61e4c9b93f3f0682250b6cf8331b7ee68fd8",
        "is_verified": false,
        "line_number": 22
      }
    ],
    "client/src/components/Groups/SessionWizard.jsx": [
      {
        "type": "Secret Keyword",
        "filename": "client/src/components/Groups/SessionWizard.jsx",
        "hashed_secret": "adef9a5f08b31b3b5964c42dd264b9e7a32638b1",
        "is_verified": false,
        "line_number": 707
      },
      {
        "type": "Secret Keyword",
        "filename": "client/src/components/Groups/SessionWizard.jsx",
        "hashed_secret": "19fe048e53f3c8d10056944e5b48f61e26c7def1",
        "is_verified": false,
        "line_number": 708
      },
      {
        "type": "Secret Keyword",
        "filename": "client/src/components/Groups/SessionWizard.jsx",
        "hashed_secret": "48647474b89fa8f56ed6bda0f8148a17b51b97bd",
        "is_verified": false,
        "line_number": 1061
      }
    ],
    "client/src/components/Groups/sessionWizardSecrets.js": [
      {
        "type": "Secret Keyword",
        "filename": "client/src/components/Groups/sessionWizardSecrets.js",
        "hashed_secret": "1615307cc4523f183e777df67f168c86908e8007",
        "is_verified": false,
        "line_number": 67
      }
    ],
    "client/src/components/MainSite.jsx": [
      {
        "type": "Secret Keyword",
        "filename": "client/src/components/MainSite.jsx",
        "hashed_secret": "48647474b89fa8f56ed6bda0f8148a17b51b97bd",
        "is_verified": false,
        "line_number": 164
      }
    ],
    "client/src/components/SBTs/CreateSBTGroup.jsx": [
      {
        "type": "Base64 High Entropy String",
        "filename": "client/src/components/SBTs/CreateSBTGroup.jsx",
        "hashed_secret": "b1d13034953c74c839a7534cc1dc41e022211150",
        "is_verified": false,
        "line_number": 54
      }
    ],
    "client/src/components/SBTs/SBTPage.jsx": [
      {
        "type": "Secret Keyword",
        "filename": "client/src/components/SBTs/SBTPage.jsx",
        "hashed_secret": "ecb252044b5ea0f679ee78ec1a12904739e2904d",
        "is_verified": false,
        "line_number": 167
      },
      {
        "type": "Secret Keyword",
        "filename": "client/src/components/SBTs/SBTPage.jsx",
        "hashed_secret": "48647474b89fa8f56ed6bda0f8148a17b51b97bd",
        "is_verified": false,
        "line_number": 1675
      }
    ],
    "client/src/setupTests.js": [
      {
        "type": "Secret Keyword",
        "filename": "client/src/setupTests.js",
        "hashed_secret": "149cc5efd230e641671bf6877fbd777aac5a3b36",
        "is_verified": false,
        "line_number": 189
      }
    ],
    "client/src/utilities/ai/aiScripts.js": [
      {
        "type": "Secret Keyword",
        "filename": "client/src/utilities/ai/aiScripts.js",
        "hashed_secret": "939bb46a04c3640c8c427e92b1b557e882e2d2a0",
        "is_verified": false,
        "line_number": 374
      }
    ],
    "client/src/utilities/e2eTestIds.js": [
      {
        "type": "Secret Keyword",
        "filename": "client/src/utilities/e2eTestIds.js",
        "hashed_secret": "25288f496caff8b55b3cd6a568c0ac6734d313fa",
        "is_verified": false,
        "line_number": 91
      },
      {
        "type": "Secret Keyword",
        "filename": "client/src/utilities/e2eTestIds.js",
        "hashed_secret": "b905a04b848b5567d04744ef4483ff03214cc462",
        "is_verified": false,
        "line_number": 94
      },
      {
        "type": "Secret Keyword",
        "filename": "client/src/utilities/e2eTestIds.js",
        "hashed_secret": "5f63b892ab91870464eb1e5a5b1029ca2e14bc52",
        "is_verified": false,
        "line_number": 95
      },
      {
        "type": "Secret Keyword",
        "filename": "client/src/utilities/e2eTestIds.js",
        "hashed_secret": "b44dcaa97912f8814a6fe5f176541947f5da842f",
        "is_verified": false,
        "line_number": 96
      },
      {
        "type": "Secret Keyword",
        "filename": "client/src/utilities/e2eTestIds.js",
        "hashed_secret": "6b3d457bec77575299d0daba3348546d579523ab",
        "is_verified": false,
        "line_number": 97
      },
      {
        "type": "Secret Keyword",
        "filename": "client/src/utilities/e2eTestIds.js",
        "hashed_secret": "9c5e0531c6c4aafb047a42cc140d3527cbbd9c59",
        "is_verified": false,
        "line_number": 98
      }
    ],
    "client/src/utilities/useWhisper.js": [
      {
        "type": "Secret Keyword",
        "filename": "client/src/utilities/useWhisper.js",
        "hashed_secret": "939bb46a04c3640c8c427e92b1b557e882e2d2a0",
        "is_verified": false,
        "line_number": 462
      }
    ],
    "client/src/utilities/web3/contractScripts.impl.js": [
      {
        "type": "Secret Keyword",
        "filename": "client/src/utilities/web3/contractScripts.impl.js",
        "hashed_secret": "48647474b89fa8f56ed6bda0f8148a17b51b97bd",
        "is_verified": false,
        "line_number": 6170
      }
    ],
    "client/src/variables/demoSessions.json": [
      {
        "type": "Base64 High Entropy String",
        "filename": "client/src/variables/demoSessions.json",
        "hashed_secret": "00d0ed315c23b578650100f59929eb032ba00538",
        "is_verified": false,
        "line_number": 323
      },
      {
        "type": "Base64 High Entropy String",
        "filename": "client/src/variables/demoSessions.json",
        "hashed_secret": "18c897d1ddad75f7fac2e5e15e7efb1ec44cea43",
        "is_verified": false,
        "line_number": 329
      },
      {
        "type": "Base64 High Entropy String",
        "filename": "client/src/variables/demoSessions.json",
        "hashed_secret": "7d7b50054c98cec67742e8c570dcd099cd60d565",
        "is_verified": false,
        "line_number": 350
      },
      {
        "type": "Hex High Entropy String",
        "filename": "client/src/variables/demoSessions.json",
        "hashed_secret": "04c074860040f89cff0b7446d548cb7e9de1341f",
        "is_verified": false,
        "line_number": 351
      }
    ],
    "contextEngine-cc/public/ethers.umd.min.js": [
      {
        "type": "Secret Keyword",
        "filename": "contextEngine-cc/public/ethers.umd.min.js",
        "hashed_secret": "1a349dcc540a3978584510d982075f838b17cd6d",
        "is_verified": false,
        "line_number": 1
      },
      {
        "type": "Base64 High Entropy String",
        "filename": "contextEngine-cc/public/ethers.umd.min.js",
        "hashed_secret": "1fbf29f4d01704e52025ffc9a6d73b5241be9e10",
        "is_verified": false,
        "line_number": 1
      },
      {
        "type": "Hex High Entropy String",
        "filename": "contextEngine-cc/public/ethers.umd.min.js",
        "hashed_secret": "313c5ecbd5b2ef7faf35432984d6787015c11a5a",
        "is_verified": false,
        "line_number": 1
      },
      {
        "type": "Hex High Entropy String",
        "filename": "contextEngine-cc/public/ethers.umd.min.js",
        "hashed_secret": "3215910690f5ea92c1da69e7b6c71104bc6b29bb",
        "is_verified": false,
        "line_number": 1
      },
      {
        "type": "Hex High Entropy String",
        "filename": "contextEngine-cc/public/ethers.umd.min.js",
        "hashed_secret": "558a75beb0a48857bb01a142c133f4bc1fc9755a",
        "is_verified": false,
        "line_number": 1
      },
      {
        "type": "Base64 High Entropy String",
        "filename": "contextEngine-cc/public/ethers.umd.min.js",
        "hashed_secret": "5831a784a378504a94e06181f1a00c656b39701c",
        "is_verified": false,
        "line_number": 1
      },
      {
        "type": "Hex High Entropy String",
        "filename": "contextEngine-cc/public/ethers.umd.min.js",
        "hashed_secret": "5c29f01956fba5d17cf96cfcd6436c992a9e1da7",
        "is_verified": false,
        "line_number": 1
      },
      {
        "type": "Hex High Entropy String",
        "filename": "contextEngine-cc/public/ethers.umd.min.js",
        "hashed_secret": "64ed6675b7ff5687493b6ce9b523b09317dddef6",
        "is_verified": false,
        "line_number": 1
      },
      {
        "type": "Hex High Entropy String",
        "filename": "contextEngine-cc/public/ethers.umd.min.js",
        "hashed_secret": "70b9b9aa3e0ae2178b43a0e27c1e9891eae297ff",
        "is_verified": false,
        "line_number": 1
      },
      {
        "type": "Base64 High Entropy String",
        "filename": "contextEngine-cc/public/ethers.umd.min.js",
        "hashed_secret": "8cdc4972c3f1c4bf661095622c213d4ccccf4f60",
        "is_verified": false,
        "line_number": 1
      },
      {
        "type": "Hex High Entropy String",
        "filename": "contextEngine-cc/public/ethers.umd.min.js",
        "hashed_secret": "8e2623fb32db31685c350dd4ee18c73679d21898",
        "is_verified": false,
        "line_number": 1
      },
      {
        "type": "Base64 High Entropy String",
        "filename": "contextEngine-cc/public/ethers.umd.min.js",
        "hashed_secret": "9a96960baa4d8c0559cf89f72b5f3486736762e9",
        "is_verified": false,
        "line_number": 1
      },
      {
        "type": "Hex High Entropy String",
        "filename": "contextEngine-cc/public/ethers.umd.min.js",
        "hashed_secret": "9c905f33c51c2ff11b9af1dd141521915128a545",
        "is_verified": false,
        "line_number": 1
      },
      {
        "type": "Hex High Entropy String",
        "filename": "contextEngine-cc/public/ethers.umd.min.js",
        "hashed_secret": "d4c477548d8a446e5c14f79c637ef7edeb6146cb",
        "is_verified": false,
        "line_number": 1
      },
      {
        "type": "Base64 High Entropy String",
        "filename": "contextEngine-cc/public/ethers.umd.min.js",
        "hashed_secret": "d6be5ff3e0534c1c83a0aec2eac063dad376b50d",
        "is_verified": false,
        "line_number": 1
      },
      {
        "type": "Secret Keyword",
        "filename": "contextEngine-cc/public/ethers.umd.min.js",
        "hashed_secret": "d6be5ff3e0534c1c83a0aec2eac063dad376b50d",
        "is_verified": false,
        "line_number": 1
      },
      {
        "type": "Base64 High Entropy String",
        "filename": "contextEngine-cc/public/ethers.umd.min.js",
        "hashed_secret": "d9754862078a0924f4d3fc3cb45f0a3dd3d9bab3",
        "is_verified": false,
        "line_number": 1
      },
      {
        "type": "Hex High Entropy String",
        "filename": "contextEngine-cc/public/ethers.umd.min.js",
        "hashed_secret": "e785bba2c4ddaf73dd4de3f8cbf6b9958b8792e5",
        "is_verified": false,
        "line_number": 1
      },
      {
        "type": "Secret Keyword",
        "filename": "contextEngine-cc/public/ethers.umd.min.js",
        "hashed_secret": "ecb252044b5ea0f679ee78ec1a12904739e2904d",
        "is_verified": false,
        "line_number": 1
      },
      {
        "type": "Hex High Entropy String",
        "filename": "contextEngine-cc/public/ethers.umd.min.js",
        "hashed_secret": "f1d7ab0bc67b8d85a0420c5cc3e044febc1cb369",
        "is_verified": false,
        "line_number": 1
      }
    ],
    "docs/arweave-payloads.md": [
      {
        "type": "Secret Keyword",
        "filename": "docs/arweave-payloads.md",
        "hashed_secret": "94747042036c58612838142c73a6536761b21cef",
        "is_verified": false,
        "line_number": 86
      }
    ],
    "docs/cache/surveys-and-questions-cache-structure.md": [
      {
        "type": "Base64 High Entropy String",
        "filename": "docs/cache/surveys-and-questions-cache-structure.md",
        "hashed_secret": "384cd0f342a1be05506bac32337b72c5f3a5d015",
        "is_verified": false,
        "line_number": 99
      }
    ],
    "package.json": [
      {
        "type": "Secret Keyword",
        "filename": "package.json",
        "hashed_secret": "355de1791544eb3bb91caefcaa44d3754297c527",
        "is_verified": false,
        "line_number": 50
      },
      {
        "type": "Secret Keyword",
        "filename": "package.json",
        "hashed_secret": "b6f5e856b5095743b9462c9569a3643824378bda",
        "is_verified": false,
        "line_number": 51
      }
    ],
    "scripts/mint-test-sbt.js": [
      {
        "type": "Secret Keyword",
        "filename": "scripts/mint-test-sbt.js",
        "hashed_secret": "b73c6bf6cb6a7253004e1006f73d34c1bbf736a5",
        "is_verified": false,
        "line_number": 9
      }
    ],
    "scripts/test-sbt-collect-variants.js": [
      {
        "type": "Secret Keyword",
        "filename": "scripts/test-sbt-collect-variants.js",
        "hashed_secret": "dc357359b14de9aa6fe7c6abe9c4ec1615f44aa5",
        "is_verified": false,
        "line_number": 181
      }
    ],
    "scripts/test-session-gated-decrypt-all-types.js": [
      {
        "type": "Secret Keyword",
        "filename": "scripts/test-session-gated-decrypt-all-types.js",
        "hashed_secret": "48647474b89fa8f56ed6bda0f8148a17b51b97bd",
        "is_verified": false,
        "line_number": 944
      }
    ],
    "scripts/test-session-gates-any-all.js": [
      {
        "type": "Secret Keyword",
        "filename": "scripts/test-session-gates-any-all.js",
        "hashed_secret": "48647474b89fa8f56ed6bda0f8148a17b51b97bd",
        "is_verified": false,
        "line_number": 549
      }
    ],
    "test/CustomSBT.t.sol": [
      {
        "type": "Secret Keyword",
        "filename": "test/CustomSBT.t.sol",
        "hashed_secret": "8f44bacb52ee0eac8365f1b7283b00aa46d9a448",
        "is_verified": false,
        "line_number": 170
      },
      {
        "type": "Secret Keyword",
        "filename": "test/CustomSBT.t.sol",
        "hashed_secret": "1a91d62f7ca67399625a4368a6ab5d4a3baa6073",
        "is_verified": false,
        "line_number": 303
      },
      {
        "type": "Secret Keyword",
        "filename": "test/CustomSBT.t.sol",
        "hashed_secret": "6d796c2ac60b669d81243afbb88ba20f0b3d47c0",
        "is_verified": false,
        "line_number": 315
      }
    ],
    "workers/deploy-helper/worker.js": [
      {
        "type": "Secret Keyword",
        "filename": "workers/deploy-helper/worker.js",
        "hashed_secret": "63be8145a78115304ce5c6431a76c8a1a8848f18",
        "is_verified": false,
        "line_number": 335
      }
    ],
    "workers/sessionCorsWorker/worker.js": [
      {
        "type": "Secret Keyword",
        "filename": "workers/sessionCorsWorker/worker.js",
        "hashed_secret": "1615307cc4523f183e777df67f168c86908e8007",
        "is_verified": false,
        "line_number": 2642
      }
    ]
  },
  "generated_at": "2026-03-08T08:37:43Z"
}
